example_009.aadl:7:06: base_types (identifier) is not a package or a property set visible or existing
example_009.aadl:78:06: base_types (identifier) is not a package or a property set visible or existing
example_009.aadl:81:29: "Address.others" conflicts with declaration at line 66
Cannot analyze AADL specifications
