example_018.aadl:11:21: parsing Port_Spec, token ';' is expected, found token '['
example_018.aadl:10:01: parsing Features, list is empty
Cannot parse AADL specifications
