example_005.aadl:29:21: parsing Port_Spec, token ';' is expected, found token '['
example_005.aadl:27:01: parsing Features, list is empty
Cannot parse AADL specifications