testrange.aadl:39:02: throughput2 (property association) does not point to anything
Cannot analyze AADL specifications
