TestAccessAssociations.aadl:13:27: parsing Access_Property_Association, token 'constant' or 'access' is expected, found integer value [0]
TestAccessAssociations.aadl:9:07: parsing Features, list is empty
Cannot parse AADL specifications
