------------------------------------------
------ Ocarina Petri Nets Generator ------
------------------------------------------
 
Backends: fatal error : Petri Net backend : incomplete AADL model
