integer_and_binaries_operators execution
theorem integer_and_binaries_operators is: TRUE

modulo_operator execution
theorem modulo_operator is: TRUE

